C51 COMPILER V9.00   CALCULATOR                                                            04/16/2014 09:36:54 PAGE 1   


C51 COMPILER V9.00, COMPILATION OF MODULE CALCULATOR
OBJECT MODULE PLACED IN calculator.OBJ
COMPILER INVOKED BY: D:\Keil\C51\BIN\C51.EXE calculator.c BROWSE DEBUG OBJECTEXTEND

line level    source

   1          #include<calculate.h>
   2          #include<reg52.h>
   3          #define  uchar unsigned char 
   4          #define  uint  unsigned int
   5          
   6          char astring[8];//用来存储a
   7          char bstring[8];//用来存储b     
   8          bit acomp=0; //为第二个数据输入前换行做检验
   9          bit ecomp=0;//为显示结果前清屏做检测
  10          char symbol=-1;//检测运算符号是否输入
  11          double a=0,b=0,c=0;//存储操作数两个运算数和结果 
  12          char astring[8];//用来存储a的每一位
  13          char bstring[8];//用来存储b的每一位     
  14          char key=-1;//用于存放按键的值  
  15          
  16          unsigned char code digit[]={'1','2','3','4',
  17                                    '5','6','7','8',
  18                                    '9','+','-','*',
  19                                    '/','=','0','.',};
  20          unsigned char code key_code[]={
  21                        0xee,0xde,0xbe,0x7e,0xed,0xdd,0xbd,0x7d, 
  22                        0xeb,0xdb,0xbb,0x7b,0xe7,0xd7,0xb7,0x77}; //键盘的编码
  23          void delay1ms(int n)//n毫秒延时                                                                                                                                 
  24          {
  25   1              int i,j;
  26   1         for(i=n;i>0;i--)
  27   1         for(j=120;j>0;j--);//12M  若是11.0592M则是115
  28   1      }
  29          char  keyscan()
  30          {
  31   1         char  scan1,scan2,keycode,j;
  32   1         P1=0xf0;
  33   1         scan1=P1;
  34   1         if((scan1&0xf0)!=0xf0)           //判键是否按下
  35   1         {
  36   2           delay1ms(20);                   //延时20ms
  37   2           scan1=P1;
  38   2           if((scan1&0xf0)!=0xf0)         //二次判键是否按下
  39   2           {
  40   3              P1=0x0f;  //线反转法的核心
  41   3              scan2=P1;
  42   3              keycode=scan1|scan2;         //组合成键编码
  43   3              for(j=0;j<=15;j++)
  44   3              {
  45   4                 if(keycode== key_code[j])  //查表得键值
  46   4                 {
  47   5                    key=j;
  48   5                                //while(!P1);
  49   5                    return(key);
  50   5                 }
  51   4              } 
  52   3           }
  53   2         }
  54   1       
  55   1      }
C51 COMPILER V9.00   CALCULATOR                                                            04/16/2014 09:36:54 PAGE 2   

  56          void time_init()
  57          {
  58   1              TMOD=0X01;
  59   1              TH0=(65536-10000)/256;
  60   1              TL0=(65536-10000)/256;//20MS
  61   1              EA=1;
  62   1              ET0=1;
  63   1              TR0=1;
  64   1      }
  65           void delayhg(int n)
  66          {
  67   1              int i=100;
  68   1              while(n--)
  69   1              {
  70   2                      i--;
  71   2              }
  72   1      }
  73          void calculate()
  74          {
  75   1              switch(symbol)
  76   1              {
  77   2                      case '+':
  78   2                      c=a+b;
  79   2                      break;
  80   2                      case '-':
  81   2                      c=a-b;
  82   2                      break;
  83   2                      case '*':
  84   2                      c=a*b;
  85   2                      break;
  86   2                      case '/':
  87   2                      c=a/b;
  88   2              
  89   2                      break;
  90   2              }       
  91   1      }
  92          void chushihua()
  93          {
  94   1              char i=0;
  95   1              key=-1;
  96   1          symbol=-1;
  97   1              lcd_l602init();
  98   1              for(i=0;i<8;i++)
  99   1              {
 100   2                      astring[i]=0;
 101   2                      bstring[i]=0;   
 102   2              }
 103   1      }
 104          
 105          void main()
 106          {  
 107   1                      
 108   1              char i=0;  //用来做第二个数据存储时候的循环变量
 109   1              char t=0; //用来做第一个数据存储时候的循环变量
 110   1          lcd_l602init();
 111   1              time_init();
 112   1              spi_pu();
 113   1          lcd_l602init();
 114   1          while(1)
 115   1              {
 116   2                      if(key!=-1)
 117   2                      {
C51 COMPILER V9.00   CALCULATOR                                                            04/16/2014 09:36:54 PAGE 3   

 118   3                              
 119   3                              if(symbol==-1&&((key>=0&&key<=8)||(key>=14&&key<=15)))//检测a
 120   3                              {
 121   4                              write_dat(digit[key]);
 122   4                                      PlaySoundTick(key);
 123   4                                      delay1ms(5);
 124   4                                  astring[i++]=digit[key];
 125   4                                      key=-1;//设置key为无效
 126   4                              }
 127   3                              else if(symbol==-1&&key>=9&&key<=12)//检测符号*/
 128   3                              {
 129   4                                       symbol=digit[key];//这里赋值的是‘+-*/’，下面的case语句应该和这里相对应
 130   4                                       write_dat(digit[key]);
 131   4                                       PlaySoundTick(key);
 132   4                                       delay1ms(5);
 133   4                                       key=-1;
 134   4                               a=stod(astring);//进行a的转换
 135   4                                       acomp=1;
 136   4                              }
 137   3                              else if(symbol!=-1&&((key>=0&&key<=8)||(key>=14&&key<=15)))//检测b//symbol 经过上面后会被置位，不在等于
             --1，所以应该用else if
 138   3                              {
 139   4                                      if(acomp==1)
 140   4                                      {
 141   5                                              write_cmd(0x80+0x40);
 142   5                                              acomp=0;
 143   5                                      }
 144   4                              write_dat(digit[key]);
 145   4                                      PlaySoundTick(key);
 146   4                                      delay1ms(5);
 147   4                                bstring[t++]=digit[key];
 148   4                                key=-1;//设置key为无效
 149   4                                ecomp=1;
 150   4                              }
 151   3                              else if(symbol!=-1&&key==13)//检测“=”
 152   3                              {
 153   4                                  EA=0;
 154   4                                  ET0=0;
 155   4                                  TR0=0; 
 156   4                                if(ecomp==1)
 157   4                                {
 158   5                                      write_cmd(0x01);
 159   5                                      ecomp=0;
 160   5                                }
 161   4                        write_dat(digit[key]);
 162   4                                PlaySoundTick(key);
 163   4                                b=stod(bstring);//进行b的转换
 164   4                                calculate();
 165   4                                dis_res(c);
 166   4                                key=-1;
 167   4                                /*EA=1;
 168   4                                ET0=1;
 169   4                                TR0=1;*/
 170   4                          }
 171   3                                                                              
 172   3                }      
 173   2              } 
 174   1      }
 175          void T0_time()interrupt 1
 176          {
 177   1              TH0=(65536-10000)/256;
 178   1              TL0=(65536-10000)/256;//20MS
C51 COMPILER V9.00   CALCULATOR                                                            04/16/2014 09:36:54 PAGE 4   

 179   1              keyscan();
 180   1              
 181   1      
 182   1      }
 183          
 184          /*// 计算的时候必须加小数点否则不准问题，函数不当 
 185                  
 186                  char s1[8]="12.5";
 187                  char s2[8]="10.0";
 188                  a=stod(s1);
 189                  b=stod(s2);
 190                  c=a+b;
 191              lcd_l602init();
 192                  time_init();
 193                   dis_res(c);
 194               while(1)
 195                  {
 196                     
 197                  } 
 198            */
 199          
 200          
 201          
 202          
 203          
 204          
 205          
 206          
 207          
 208          
 209          
 210          
 211          
 212          
 213          
 214          
 215          
 216          
 217          
 218          
 219          
 220          
 221          
 222          
 223          
 224                  
 225          
 226          
*** WARNING C291 IN LINE 55 OF CALCULATOR.C: not every exit path returns a value


MODULE INFORMATION:   STATIC OVERLAYABLE
   CODE SIZE        =    755    ----
   CONSTANT SIZE    =     32    ----
   XDATA SIZE       =   ----    ----
   PDATA SIZE       =   ----    ----
   DATA SIZE        =     30       2
   IDATA SIZE       =   ----    ----
   BIT SIZE         =      2    ----
END OF MODULE INFORMATION.


C51 COMPILATION COMPLETE.  1 WARNING(S),  0 ERROR(S)
